Everything up-to-date
/home/grizzly/opensource/oppia/scripts/install_python_prod_dependencies.py:30: UserWarning: pkg_resources is deprecated as an API. See https://setuptools.pypa.io/en/latest/pkg_resources.html. The pkg_resources package is slated for removal as early as 2025-11-30. Refrain from using this package or pin to Setuptools<81.
  import pkg_resources
Traceback (most recent call last):
  File "/home/grizzly/.pyenv/versions/3.10.16/lib/python3.10/runpy.py", line 196, in _run_module_as_main
    return _run_code(code, main_globals, None,
  File "/home/grizzly/.pyenv/versions/3.10.16/lib/python3.10/runpy.py", line 86, in _run_code
    exec(code, run_globals)
  File "/home/grizzly/opensource/oppia/scripts/run_frontend_tests.py", line 337, in <module>
    main()
  File "/home/grizzly/opensource/oppia/scripts/run_frontend_tests.py", line 256, in main
    line = task.stdout.readline()
KeyboardInterrupt
Printing diff in requirements_dev.in:
--------------------------
--------------------------
Running dtslint type tests.
Done!
View interactive frontend test coverage reports by navigating to

../karma_coverage_reports

on your filesystem.

Running test in development environment

Building third party libs at third_party/generated/
Attempt 1 of 2
Seed for Frontend Test Execution Order 845
[33m29 11 2025 06:51:22.049:WARN [filelist]: [39mPattern "/home/grizzly/opensource/oppia/core/templates/**/*.directive.html" does not match any file.
[34mℹ[39m [90m｢wdm｣[39m: Hash: [1m9d2c943b68425fd58dd0[39m[22m
Version: webpack [1m4.46.0[39m[22m
Time: [1m679[39m[22mms
Built at: 11/29/2025 [1m6:51:22 AM[39m[22m
[34mℹ[39m [90m｢wdm｣[39m: Compiled successfully.
[33m29 11 2025 06:51:22.682:WARN [filelist]: [39mPattern "/home/grizzly/opensource/oppia/core/templates/**/*.directive.html" does not match any file.
[34mℹ[39m [90m｢wdm｣[39m: Compiling...
