WARNING: Cloud Datastore Emulator support for Java JRE version 11 will be dropped after gcloud command-line tool release 508.0.0. Please upgrade to Java JRE version 21 or higher to continue using the latest Cloud Datastore Emulator.
Executing: /home/beast/oppia_tools/google-cloud-sdk-500.0.0/google-cloud-sdk/platform/cloud-datastore-emulator/cloud_datastore_emulator create --project_id=dev-project-id /home/beast/oppia/../cloud_datastore_emulator_cache
[datastore] Sep 19, 2026 6:18:12 AM com.google.cloud.datastore.emulator.CloudDatastore$CreateAction$1 apply
[datastore] INFO: Provided project_id to Cloud Datastore emulator create command, which is no longer necessary.
[datastore] Created new Cloud Datastore project in '/home/beast/oppia/../cloud_datastore_emulator_cache'.
Executing: /home/beast/oppia_tools/google-cloud-sdk-500.0.0/google-cloud-sdk/platform/cloud-datastore-emulator/cloud_datastore_emulator start --host=localhost --port=8089 --store_on_disk=False --allow_remote_shutdown --consistency=1.0 /home/beast/oppia/../cloud_datastore_emulator_cache
[datastore] Sep 19, 2026 6:18:13 AM com.google.cloud.datastore.emulator.CloudDatastore$FakeDatastoreAction$9 apply
[datastore] INFO: Provided --allow_remote_shutdown to start command which is no longer necessary.
[datastore] Sep 19, 2026 6:18:13 AM com.google.cloud.datastore.emulator.CloudDatastore$StartAction apply
[datastore] INFO: Running CLOUD_DATASTORE emulator.
[datastore] Sep 19, 2026 6:18:13 AM com.google.cloud.datastore.emulator.impl.LocalDatastoreFileStub <init>
[datastore] INFO: Local Datastore initialized:
[datastore] 	Type: High Replication
[datastore] 	Storage: In-memory
[datastore] API endpoint: http://localhost:8089
[datastore] If you are using a library that supports the DATASTORE_EMULATOR_HOST environment variable, run:
[datastore] 
[datastore]   export DATASTORE_EMULATOR_HOST=localhost:8089
[datastore] 
[datastore] Dev App Server is now running.
[datastore] 
[datastore] The previous line was printed for backwards compatibility only.
[datastore] If your tests rely on it to confirm emulator startup,
[datastore] please migrate to the emulator health check endpoint (/). Thank you!
[datastore] The health check endpoint for this emulator instance is http://localhost:8089/
[datastore] Sep 19, 2026 6:18:23 AM io.gapi.emulators.netty.HttpVersionRoutingHandler channelRead
[datastore] INFO: Detected HTTP/2 connection.
[datastore] Sep 19, 2026 6:18:23 AM io.gapi.emulators.netty.HttpVersionRoutingHandler channelRead
[datastore] INFO: Detected HTTP/2 connection.
[datastore] Sep 19, 2026 6:18:42 AM io.netty.channel.DefaultChannelPipeline onUnhandledInboundException
Starting new Cloud Datastore Emulator: /home/beast/oppia_tools/google-cloud-sdk-500.0.0/google-cloud-sdk/bin/gcloud beta emulators datastore start --project dev-project-id --data-dir /home/beast/oppia/../cloud_datastore_emulator_cache --host-port localhost:8089 --consistency=1.0 --quiet --no-store-on-disk
Starting new Redis Server: /home/beast/oppia/../oppia_tools/redis-cli-6.2.4/src/redis-server redis.conf
----------------------------------------
Tasks still running:
  core.jobs.batch_jobs.delete_duplicate_content_ids_jobs_test (started 06:18:15)
----------------------------------------
Attempt 1 of 3 failed for core.jobs.batch_jobs.delete_duplicate_content_ids_jobs_test
Error 1
WARNING: All log messages before absl::InitializeLog() is called are written to STDERR
I0000 00:00:1789798703.025001   15984 config.cc:230] gRPC experiments enabled: call_status_override_on_cancellation, event_engine_dns, event_engine_listener, http2_stats_fix, monitoring_experiment, pick_first_new, trace_record_callops, work_serializer_clears_time_cache
test_audit_fix_job_with_duplicates (core.jobs.batch_jobs.delete_duplicate_content_ids_jobs_test.AuditFixExplorationsWithDuplicateContentIdsJobTests) ... I0000 00:00:1789798703.469739   16010 subchannel.cc:806] subchannel 0x5cd40cb85120 {address=ipv6:%5B::1%5D:8089, args={grpc.client_channel_factory=0x5cd40ca6a270, grpc.default_authority=localhost:8089, grpc.internal.channel_credentials=0x5cd40ca0f2f0, grpc.internal.client_channel_call_destination=0x7b8bcce4b3d0, grpc.internal.event_engine=0x5cd40cb44920, grpc.internal.security_connector=0x5cd40ca44560, grpc.internal.subchannel_pool=0x5cd40ca441f0, grpc.max_receive_message_length=-1, grpc.max_send_message_length=-1, grpc.primary_user_agent=grpc-python/1.65.1, grpc.resource_quota=0x5cd40ca285e0, grpc.server_uri=dns:///localhost:8089}}: connect failed (UNKNOWN:Failed to connect to remote host: connect: Connection refused (111) {created_time:"2026-09-19T06:18:23.469234939+00:00"}), backing off for 998 ms
I0000 00:00:1789798703.848234   16010 subchannel.cc:806] subchannel 0x5cd40cb8a040 {address=ipv6:%5B::1%5D:8089, args={grpc.client_channel_factory=0x5cd40ca6a270, grpc.default_authority=localhost:8089, grpc.internal.channel_credentials=0x5cd40ca0f2f0, grpc.internal.client_channel_call_destination=0x7b8bcce4b3d0, grpc.internal.event_engine=0x5cd40ca7e9b0, grpc.internal.security_connector=0x5cd40ca48090, grpc.internal.subchannel_pool=0x5cd40ca441f0, grpc.primary_user_agent=grpc-python/1.65.1, grpc.resource_quota=0x5cd40ca285e0, grpc.server_uri=dns:///localhost:8089}}: connect failed (UNKNOWN:Failed to connect to remote host: connect: Connection refused (111) {created_time:"2026-09-19T06:18:23.847974436+00:00"}), backing off for 999 ms
WARNING:apache_beam.options.pipeline_options:Discarding unparseable args: ['--test_target=core.jobs.batch_jobs.delete_duplicate_content_ids_jobs_test']
WARNING:apache_beam.io.gcp.datastore.v1new.datastoreio:Failed to fetch estimated size bytes: Datastore total statistics unavailable.
/home/beast/oppia/third_party/python_libs/google/cloud/datastore/query.py:242: UserWarning: Detected filter using positional arguments. Prefer using the 'filter' keyword argument instead.
  self.add_filter(property_name, operator, value)
ok
test_audit_identify_job_with_duplicates (core.jobs.batch_jobs.delete_duplicate_content_ids_jobs_test.AuditIdentifyExplorationsWithDuplicateContentIdsJobTests) ... WARNING:apache_beam.options.pipeline_options:Discarding unparseable args: ['--test_target=core.jobs.batch_jobs.delete_duplicate_content_ids_jobs_test']
WARNING:apache_beam.io.gcp.datastore.v1new.datastoreio:Failed to fetch estimated size bytes: Datastore total statistics unavailable.
ok
test_fix_job_with_duplicates (core.jobs.batch_jobs.delete_duplicate_content_ids_jobs_test.FixExplorationsWithDuplicateContentIdsJobTests) ... WARNING:apache_beam.transforms.core:('No iterator is returned by the process method in %s.', <class 'apache_beam.io.gcp.datastore.v1new.datastoreio.WriteToDatastore._DatastoreWriteFn'>)
WARNING:apache_beam.transforms.core:('No iterator is returned by the process method in %s.', <class 'apache_beam.io.gcp.datastore.v1new.datastoreio.WriteToDatastore._DatastoreWriteFn'>)
WARNING:apache_beam.options.pipeline_options:Discarding unparseable args: ['--test_target=core.jobs.batch_jobs.delete_duplicate_content_ids_jobs_test']
WARNING:apache_beam.io.gcp.datastore.v1new.datastoreio:Failed to fetch estimated size bytes: Datastore total statistics unavailable.
FAIL
test_fix_job_with_no_duplicates (core.jobs.batch_jobs.delete_duplicate_content_ids_jobs_test.FixExplorationsWithDuplicateContentIdsJobTests) ... WARNING:apache_beam.transforms.core:('No iterator is returned by the process method in %s.', <class 'apache_beam.io.gcp.datastore.v1new.datastoreio.WriteToDatastore._DatastoreWriteFn'>)
WARNING:apache_beam.transforms.core:('No iterator is returned by the process method in %s.', <class 'apache_beam.io.gcp.datastore.v1new.datastoreio.WriteToDatastore._DatastoreWriteFn'>)
WARNING:apache_beam.options.pipeline_options:Discarding unparseable args: ['--test_target=core.jobs.batch_jobs.delete_duplicate_content_ids_jobs_test']
WARNING:apache_beam.io.gcp.datastore.v1new.datastoreio:Failed to fetch estimated size bytes: Datastore total statistics unavailable.
ok
test_fix_job_with_stale_next_content_id_index (core.jobs.batch_jobs.delete_duplicate_content_ids_jobs_test.FixExplorationsWithDuplicateContentIdsJobTests) ... WARNING:apache_beam.transforms.core:('No iterator is returned by the process method in %s.', <class 'apache_beam.io.gcp.datastore.v1new.datastoreio.WriteToDatastore._DatastoreWriteFn'>)
WARNING:apache_beam.transforms.core:('No iterator is returned by the process method in %s.', <class 'apache_beam.io.gcp.datastore.v1new.datastoreio.WriteToDatastore._DatastoreWriteFn'>)
WARNING:apache_beam.options.pipeline_options:Discarding unparseable args: ['--test_target=core.jobs.batch_jobs.delete_duplicate_content_ids_jobs_test']
WARNING:apache_beam.io.gcp.datastore.v1new.datastoreio:Failed to fetch estimated size bytes: Datastore total statistics unavailable.
FAIL
test_generate_matching_content_id_for_unrecognized_prefix (core.jobs.batch_jobs.delete_duplicate_content_ids_jobs_test.FixExplorationsWithDuplicateContentIdsJobTests) ... WARNING:apache_beam.options.pipeline_options:Discarding unparseable args: ['--test_target=core.jobs.batch_jobs.delete_duplicate_content_ids_jobs_test']
ok
test_generate_matching_content_id_preserves_customization_arg_prefix (core.jobs.batch_jobs.delete_duplicate_content_ids_jobs_test.FixExplorationsWithDuplicateContentIdsJobTests) ... WARNING:apache_beam.options.pipeline_options:Discarding unparseable args: ['--test_target=core.jobs.batch_jobs.delete_duplicate_content_ids_jobs_test']
ok
test_generate_matching_content_id_preserves_solution_prefix (core.jobs.batch_jobs.delete_duplicate_content_ids_jobs_test.FixExplorationsWithDuplicateContentIdsJobTests) ... WARNING:apache_beam.options.pipeline_options:Discarding unparseable args: ['--test_target=core.jobs.batch_jobs.delete_duplicate_content_ids_jobs_test']
ok
test_identify_job_with_duplicates (core.jobs.batch_jobs.delete_duplicate_content_ids_jobs_test.IdentifyExplorationsWithDuplicateContentIdsJobTests) ... WARNING:apache_beam.options.pipeline_options:Discarding unparseable args: ['--test_target=core.jobs.batch_jobs.delete_duplicate_content_ids_jobs_test']
WARNING:apache_beam.io.gcp.datastore.v1new.datastoreio:Failed to fetch estimated size bytes: Datastore total statistics unavailable.
ok
test_identify_job_with_no_duplicates (core.jobs.batch_jobs.delete_duplicate_content_ids_jobs_test.IdentifyExplorationsWithDuplicateContentIdsJobTests) ... WARNING:apache_beam.options.pipeline_options:Discarding unparseable args: ['--test_target=core.jobs.batch_jobs.delete_duplicate_content_ids_jobs_test']
WARNING:apache_beam.io.gcp.datastore.v1new.datastoreio:Failed to fetch estimated size bytes: Datastore total statistics unavailable.
ok
test_replace_content_id_in_state_handles_missing_interaction (core.jobs.batch_jobs.delete_duplicate_content_ids_jobs_test.ReplaceContentIdHelpersTests) ... ok
test_replace_content_id_in_state_skips_non_matching_nested_fields (core.jobs.batch_jobs.delete_duplicate_content_ids_jobs_test.ReplaceContentIdHelpersTests) ... ok
test_replace_content_id_in_state_updates_nested_references (core.jobs.batch_jobs.delete_duplicate_content_ids_jobs_test.ReplaceContentIdHelpersTests) ... ok
test_replace_content_id_in_value_handles_empty_dict (core.jobs.batch_jobs.delete_duplicate_content_ids_jobs_test.ReplaceContentIdHelpersTests) ... ok

======================================================================
FAIL: test_fix_job_with_duplicates (core.jobs.batch_jobs.delete_duplicate_content_ids_jobs_test.FixExplorationsWithDuplicateContentIdsJobTests)
----------------------------------------------------------------------
Traceback (most recent call last):
  File "/home/beast/oppia/core/jobs/batch_jobs/delete_duplicate_content_ids_jobs_test.py", line 162, in test_fix_job_with_duplicates
    self.assertEqual(state2_updated.content.content_id, 'content_4')
AssertionError: 'content_2' != 'content_4'
- content_2
?         ^
+ content_4
?         ^


======================================================================
FAIL: test_fix_job_with_stale_next_content_id_index (core.jobs.batch_jobs.delete_duplicate_content_ids_jobs_test.FixExplorationsWithDuplicateContentIdsJobTests)
----------------------------------------------------------------------
Traceback (most recent call last):
  File "/home/beast/oppia/core/jobs/batch_jobs/delete_duplicate_content_ids_jobs_test.py", line 212, in test_fix_job_with_stale_next_content_id_index
    self.assertEqual(state2_updated.content.content_id, 'content_10')
AssertionError: 'content_9' != 'content_10'
- content_9
?         ^
+ content_10
?         ^^


----------------------------------------------------------------------
Ran 14 tests in 17.788s

FAILED (failures=2)
Traceback (most recent call last):
  File "/home/beast/oppia/core/tests/gae_suite.py", line 138, in <module>
    main()
  File "/home/beast/oppia/core/tests/gae_suite.py", line 131, in main
    raise Exception(
Exception: Test suite failed: 14 tests run, 0 errors, 2 failures.
[datastore] WARNING: An exceptionCaught() event was fired, and it reached at the tail of the pipeline. It usually means the last handler in the pipeline did not handle the exception.
[datastore] java.io.IOException: Connection reset by peer
[datastore] 	at java.base/sun.nio.ch.FileDispatcherImpl.read0(Native Method)
[datastore] 	at java.base/sun.nio.ch.SocketDispatcher.read(SocketDispatcher.java:39)
[datastore] 	at java.base/sun.nio.ch.IOUtil.readIntoNativeBuffer(IOUtil.java:276)
[datastore] 	at java.base/sun.nio.ch.IOUtil.read(IOUtil.java:233)
[datastore] 	at java.base/sun.nio.ch.IOUtil.read(IOUtil.java:223)
[datastore] 	at java.base/sun.nio.ch.SocketChannelImpl.read(SocketChannelImpl.java:356)
[datastore] 	at io.netty.buffer.PooledByteBuf.setBytes(PooledByteBuf.java:259)
[datastore] 	at io.netty.buffer.AbstractByteBuf.writeBytes(AbstractByteBuf.java:1132)
[datastore] 	at io.netty.channel.socket.nio.NioSocketChannel.doReadBytes(NioSocketChannel.java:357)
[datastore] 	at io.netty.channel.nio.AbstractNioByteChannel$NioByteUnsafe.read(AbstractNioByteChannel.java:151)
[datastore] 	at io.netty.channel.nio.NioEventLoop.processSelectedKey(NioEventLoop.java:788)
[datastore] 	at io.netty.channel.nio.NioEventLoop.processSelectedKeysOptimized(NioEventLoop.java:724)
[datastore] 	at io.netty.channel.nio.NioEventLoop.processSelectedKeys(NioEventLoop.java:650)
[datastore] 	at io.netty.channel.nio.NioEventLoop.run(NioEventLoop.java:562)
[datastore] 	at io.netty.util.concurrent.SingleThreadEventExecutor$4.run(SingleThreadEventExecutor.java:997)
[datastore] 	at io.netty.util.internal.ThreadExecutorMap$2.run(ThreadExecutorMap.java:74)
[datastore] 	at io.netty.util.concurrent.FastThreadLocalRunnable.run(FastThreadLocalRunnable.java:30)
[datastore] 	at java.base/java.lang.Thread.run(Thread.java:829)
[datastore] 

06:18:42 ERROR core.jobs.batch_jobs.delete_duplicate_content_ids_jobs_test - 26.3 secs
Stopping Redis Server(name="sh", pid=15947)...
Stopping Cloud Datastore Emulator(name="sh", pid=15811)...

+------------------+
| SUMMARY OF TESTS |
+------------------+

=ipv6:%5B::1%5D:8089, args={grpc.client_channel_factory=0x5cd40ca6a270, grpc.default_authority=localhost:8089, grpc.internal.channel_credentials=0x5cd40ca0f2f0, grpc.internal.client_channel_call_destination=0x7b8bcce4b3d0, grpc.internal.event_engine=0x5cd40cb44920, grpc.internal.security_connector=0x5cd40ca44560, grpc.internal.subchannel_pool=0x5cd40ca441f0, grpc.max_receive_message_length=-1, grpc.max_send_message_length=-1, grpc.primary_user_agent=grpc-python/1.65.1, grpc.resource_quota=0x5cd40ca285e0, grpc.server_uri=dns:///localhost:8089}}: connect failed (UNKNOWN:Failed to connect to remote host: connect: Connection refused (111) {created_time:"2026-09-19T06:18:23.469234939+00:00"}), backing off for 998 ms
I0000 00:00:1789798703.848234   16010 subchannel.cc:806] subchannel 0x5cd40cb8a040 {address=ipv6:%5B::1%5D:8089, args={grpc.client_channel_factory=0x5cd40ca6a270, grpc.default_authority=localhost:8089, grpc.internal.channel_credentials=0x5cd40ca0f2f0, grpc.internal.client_channel_call_destination=0x7b8bcce4b3d0, grpc.internal.event_engine=0x5cd40ca7e9b0, grpc.internal.security_connector=0x5cd40ca48090, grpc.internal.subchannel_pool=0x5cd40ca441f0, grpc.primary_user_agent=grpc-python/1.65.1, grpc.resource_quota=0x5cd40ca285e0, grpc.server_uri=dns:///localhost:8089}}: connect failed (UNKNOWN:Failed to connect to remote host: connect: Connection refused (111) {created_time:"2026-09-19T06:18:23.847974436+00:00"}), backing off for 999 ms
WARNING:apache_beam.options.pipeline_options:Discarding unparseable args: ['--test_target=core.jobs.batch_jobs.delete_duplicate_content_ids_jobs_test']
WARNING:apache_beam.io.gcp.datastore.v1new.datastoreio:Failed to fetch estimated size bytes: Datastore total statistics unavailable.
/home/beast/oppia/third_party/python_libs/google/cloud/datastore/query.py:242: UserWarning: Detected filter using positional arguments. Prefer using the 'filter' keyword argument instead.
  self.add_filter(property_name, operator, value)
ok
test_audit_identify_job_with_duplicates (core.jobs.batch_jobs.delete_duplicate_content_ids_jobs_test.AuditIdentifyExplorationsWithDuplicateContentIdsJobTests) ... WARNING:apache_beam.options.pipeline_options:Discarding unparseable args: ['--test_target=core.jobs.batch_jobs.delete_duplicate_content_ids_jobs_test']
WARNING:apache_beam.io.gcp.datastore.v1new.datastoreio:Failed to fetch estimated size bytes: Datastore total statistics unavailable.
ok
test_fix_job_with_duplicates (core.jobs.batch_jobs.delete_duplicate_content_ids_jobs_test.FixExplorationsWithDuplicateContentIdsJobTests) ... WARNING:apache_beam.transforms.core:('No iterator is returned by the process method in %s.', <class 'apache_beam.io.gcp.datastore.v1new.datastoreio.WriteToDatastore._DatastoreWriteFn'>)
WARNING:apache_beam.transforms.core:('No iterator is returned by the process method in %s.', <class 'apache_beam.io.gcp.datastore.v1new.datastoreio.WriteToDatastore._DatastoreWriteFn'>)
WARNING:apache_beam.options.pipeline_options:Discarding unparseable args: ['--test_target=core.jobs.batch_jobs.delete_duplicate_content_ids_jobs_test']
WARNING:apache_beam.io.gcp.datastore.v1new.datastoreio:Failed to fetch estimated size bytes: Datastore total statistics unavailable.
FAIL
test_fix_job_with_no_duplicates (core.jobs.batch_jobs.delete_duplicate_content_ids_jobs_test.FixExplorationsWithDuplicateContentIdsJobTests) ... WARNING:apache_beam.transforms.core:('No iterator is returned by the process method in %s.', <class 'apache_beam.io.gcp.datastore.v1new.datastoreio.WriteToDatastore._DatastoreWriteFn'>)
WARNING:apache_beam.transforms.core:('No iterator is returned by the process method in %s.', <class 'apache_beam.io.gcp.datastore.v1new.datastoreio.WriteToDatastore._DatastoreWriteFn'>)
WARNING:apache_beam.options.pipeline_options:Discarding unparseable args: ['--test_target=core.jobs.batch_jobs.delete_duplicate_content_ids_jobs_test']
WARNING:apache_beam.io.gcp.datastore.v1new.datastoreio:Failed to fetch estimated size bytes: Datastore total statistics unavailable.
ok
test_fix_job_with_stale_next_content_id_index (core.jobs.batch_jobs.delete_duplicate_content_ids_jobs_test.FixExplorationsWithDuplicateContentIdsJobTests) ... WARNING:apache_beam.transforms.core:('No iterator is returned by the process method in %s.', <class 'apache_beam.io.gcp.datastore.v1new.datastoreio.WriteToDatastore._DatastoreWriteFn'>)
WARNING:apache_beam.transforms.core:('No iterator is returned by the process method in %s.', <class 'apache_beam.io.gcp.datastore.v1new.datastoreio.WriteToDatastore._DatastoreWriteFn'>)
WARNING:apache_beam.options.pipeline_options:Discarding unparseable args: ['--test_target=core.jobs.batch_jobs.delete_duplicate_content_ids_jobs_test']
WARNING:apache_beam.io.gcp.datastore.v1new.datastoreio:Failed to fetch estimated size bytes: Datastore total statistics unavailable.
FAIL
test_generate_matching_content_id_for_unrecognized_prefix (core.jobs.batch_jobs.delete_duplicate_content_ids_jobs_test.FixExplorationsWithDuplicateContentIdsJobTests) ... WARNING:apache_beam.options.pipeline_options:Discarding unparseable args: ['--test_target=core.jobs.batch_jobs.delete_duplicate_content_ids_jobs_test']
ok
test_generate_matching_content_id_preserves_customization_arg_prefix (core.jobs.batch_jobs.delete_duplicate_content_ids_jobs_test.FixExplorationsWithDuplicateContentIdsJobTests) ... WARNING:apache_beam.options.pipeline_options:Discarding unparseable args: ['--test_target=core.jobs.batch_jobs.delete_duplicate_content_ids_jobs_test']
ok
test_generate_matching_content_id_preserves_solution_prefix (core.jobs.batch_jobs.delete_duplicate_content_ids_jobs_test.FixExplorationsWithDuplicateContentIdsJobTests) ... WARNING:apache_beam.options.pipeline_options:Discarding unparseable args: ['--test_target=core.jobs.batch_jobs.delete_duplicate_content_ids_jobs_test']
ok
test_identify_job_with_duplicates (core.jobs.batch_jobs.delete_duplicate_content_ids_jobs_test.IdentifyExplorationsWithDuplicateContentIdsJobTests) ... WARNING:apache_beam.options.pipeline_options:Discarding unparseable args: ['--test_target=core.jobs.batch_jobs.delete_duplicate_content_ids_jobs_test']
WARNING:apache_beam.io.gcp.datastore.v1new.datastoreio:Failed to fetch estimated size bytes: Datastore total statistics unavailable.
ok
test_identify_job_with_no_duplicates (core.jobs.batch_jobs.delete_duplicate_content_ids_jobs_test.IdentifyExplorationsWithDuplicateContentIdsJobTests) ... WARNING:apache_beam.options.pipeline_options:Discarding unparseable args: ['--test_target=core.jobs.batch_jobs.delete_duplicate_content_ids_jobs_test']
WARNING:apache_beam.io.gcp.datastore.v1new.datastoreio:Failed to fetch estimated size bytes: Datastore total statistics unavailable.
ok
test_replace_content_id_in_state_handles_missing_interaction (core.jobs.batch_jobs.delete_duplicate_content_ids_jobs_test.ReplaceContentIdHelpersTests) ... ok
test_replace_content_id_in_state_skips_non_matching_nested_fields (core.jobs.batch_jobs.delete_duplicate_content_ids_jobs_test.ReplaceContentIdHelpersTests) ... ok
test_replace_content_id_in_state_updates_nested_references (core.jobs.batch_jobs.delete_duplicate_content_ids_jobs_test.ReplaceContentIdHelpersTests) ... ok
test_replace_content_id_in_value_handles_empty_dict (core.jobs.batch_jobs.delete_duplicate_content_ids_jobs_test.ReplaceContentIdHelpersTests) ... ok

======================================================================
FAIL: test_fix_job_with_duplicates (core.jobs.batch_jobs.delete_duplicate_content_ids_jobs_test.FixExplorationsWithDuplicateContentIdsJobTests)
----------------------------------------------------------------------
Traceback (most recent call last):
  File "/home/beast/oppia/core/jobs/batch_jobs/delete_duplicate_content_ids_jobs_test.py", line 162, in test_fix_job_with_duplicates
    self.assertEqual(state2_updated.content.content_id, 'content_4')
AssertionError: 'content_2' != 'content_4'
- content_2
?         ^
+ content_4
?         ^


======================================================================
FAIL: test_fix_job_with_stale_next_content_id_index (core.jobs.batch_jobs.delete_duplicate_content_ids_jobs_test.FixExplorationsWithDuplicateContentIdsJobTests)
----------------------------------------------------------------------
Traceback (most recent call last):
  File "/home/beast/oppia/core/jobs/batch_jobs/delete_duplicate_content_ids_jobs_test.py", line 212, in test_fix_job_with_stale_next_content_id_index
    self.assertEqual(state2_updated.content.content_id, 'content_10')
AssertionError: 'content_9' != 'content_10'
- content_9
?         ^
+ content_10
?         ^^


---------------------------------------------------------------------Traceback (most recent call last):
  File "/home/beast/.pyenv/versions/3.10.16/lib/python3.10/runpy.py", line 196, in _run_module_as_main
    return _run_code(code, main_globals, None,
  File "/home/beast/.pyenv/versions/3.10.16/lib/python3.10/runpy.py", line 86, in _run_code
    exec(code, run_globals)
  File "/home/beast/oppia/scripts/run_backend_tests.py", line 848, in <module>
    main()
  File "/home/beast/oppia/scripts/run_backend_tests.py", line 716, in main
    raise Exception(
Exception: 0 errors, 2 failures

FAILED    core.jobs.batch_jobs.delete_duplicate_content_ids_jobs_test: 0 errors, 2 failures

Ran 14 tests in 1 test class.
(0 ERRORS, 2 FAILURES)
